// Jest Snapshot v1, https://goo.gl/fbAQLP

exports[`ErrorBlock should render as an unordered list to track the number of items 1`] = `
<div>
  <section
    aria-labelledby="sectionId"
    class="error-block"
    tabindex="-1"
  >
    <h1
      class="block-heading"
      id="sectionId"
    >
      <span
        class="icon"
      />
      Some errors
    </h1>
    <ul>
      <li>
        <a
          href="#usernameControl"
        >
          User name is required.
        </a>
      </li>
    </ul>
  </section>
</div>
`;
